{
  "hops": [
    {
      "kind": 2,
      "binary": "fudgepb.test",
      "trace": [
        {
          "file": "github.com/rossmacarthur/fudge/internal/fudgepb/fudgepb_test.go",
          "function": "TestToProto.func7",
          "line": 220,
          "message": "such test",
          "key_values": [
            {
              "key": "hello",
              "value": "world"
            }
          ]
        },
        {
          "file": "github.com/rossmacarthur/fudge/internal/fudgepb/fudgepb_test.go",
          "function": "TestToProto.func7",
          "line": 221,
          "message": "very wrap",
          "key_values": [
            {
              "key": "foo",
              "value": "bar"
            }
          ]
        },
        {
          "file": "github.com/rossmacarthur/fudge/internal/fudgepb/fudgepb_test.go",
          "function": "TestToProto.func10",
          "line": 246
        },
        {
          "file": "testing/testing.go",
          "function": "tRunner",
          "line": 1576
        },
        {
          "file": "runtime/asm_arch.s",
          "function": "goexit",
          "line": 1337
        }
      ]
    }
  ]
}